../Core/Src/main.c:111:5:main	8	static
../Core/Src/main.c:202:6:SystemClock_Config	72	static
../Core/Src/main.c:242:13:MX_CAN_Init	8	static
../Core/Src/main.c:279:13:MX_I2C1_Init	8	static
../Core/Src/main.c:313:13:MX_SPI1_Init	8	static
../Core/Src/main.c:351:13:MX_SPI2_Init	8	static
../Core/Src/main.c:389:13:MX_USART1_UART_Init	8	static
../Core/Src/main.c:422:13:MX_GPIO_Init	40	static
../Core/Src/main.c:500:6:HAL_GPIO_EXTI_Callback	16	static
../Core/Src/main.c:519:6:HAL_CAN_RxFifo0MsgPendingCallback	16	static
../Core/Src/main.c:534:6:Error_Handler	4	static,ignoring_inline_asm
