../Core/Src/mcp2515_drv.c:16:9:txCtrlReg	16	static
../Core/Src/mcp2515_drv.c:30:9:statusToTxBuffer	16	static
../Core/Src/mcp2515_drv.c:45:9:statusToTxSidh	16	static
../Core/Src/mcp2515_drv.c:60:9:txSidhToRTS	16	static
../Core/Src/mcp2515_drv.c:74:9:txSidhToTxLoad	16	static
../Core/Src/mcp2515_drv.c:88:9:txIfFlag	16	static
../Core/Src/mcp2515_drv.c:103:9:txStatusPendingFlag	16	static
../Core/Src/mcp2515_drv.c:118:6:mcp2515_reset	16	static
../Core/Src/mcp2515_drv.c:131:9:mcp2515_readRegister	24	static
../Core/Src/mcp2515_drv.c:148:6:mcp2515_readRegisterS	40	static
../Core/Src/mcp2515_drv.c:167:6:mcp2515_setRegister	16	static
../Core/Src/mcp2515_drv.c:180:6:mcp2515_setRegisterS	32	static
../Core/Src/mcp2515_drv.c:200:6:mcp2515_modifyRegister	16	static
../Core/Src/mcp2515_drv.c:214:9:mcp2515_readStatus	24	static
../Core/Src/mcp2515_drv.c:233:6:setSleepWakeup	16	static
../Core/Src/mcp2515_drv.c:242:9:sleep	16	static
../Core/Src/mcp2515_drv.c:258:9:wake	24	static
../Core/Src/mcp2515_drv.c:276:9:setMode	16	static
../Core/Src/mcp2515_drv.c:290:9:getMode	16	static
../Core/Src/mcp2515_drv.c:299:9:mcp2515_setCANCTRL_Mode	24	static
../Core/Src/mcp2515_drv.c:347:9:mcp2515_requestNewMode	24	static
../Core/Src/mcp2515_drv.c:375:9:mcp2515_configRate	24	static
../Core/Src/mcp2515_drv.c:720:6:mcp2515_initCANBuffers	24	static
../Core/Src/mcp2515_drv.c:744:9:mcp2515_init	24	static
../Core/Src/mcp2515_drv.c:824:6:mcp2515_id_to_buf	32	static
../Core/Src/mcp2515_drv.c:853:6:mcp2515_write_id	32	static
../Core/Src/mcp2515_drv.c:865:6:mcp2515_read_id	32	static
../Core/Src/mcp2515_drv.c:891:6:mcp2515_write_canMsg	32	static
../Core/Src/mcp2515_drv.c:925:6:mcp2515_read_canMsg	40	static
../Core/Src/mcp2515_drv.c:968:6:mcp2515_start_transmit	24	static
../Core/Src/mcp2515_drv.c:979:9:mcp2515_isTXBufFree	32	static
../Core/Src/mcp2515_drv.c:999:9:mcp2515_getNextFreeTXBuf	24	static
../Core/Src/mcp2515_drv.c:1027:9:begin	32	static
../Core/Src/mcp2515_drv.c:1039:6:enableTxInterrupt	24	static
../Core/Src/mcp2515_drv.c:1059:9:init_Mask	32	static
../Core/Src/mcp2515_drv.c:1116:9:init_Filt	32	static
../Core/Src/mcp2515_drv.c:1191:9:sendMsgBuffer	40	static
../Core/Src/mcp2515_drv.c:1201:9:sendMsgBuf	48	static
../Core/Src/mcp2515_drv.c:1220:9:trySendMsgBuf	48	static
../Core/Src/mcp2515_drv.c:1248:9:sendMsg	48	static
../Core/Src/mcp2515_drv.c:1301:9:sendMsgBufWait	40	static
../Core/Src/mcp2515_drv.c:1311:9:readMsgBufID	48	static
../Core/Src/mcp2515_drv.c:1346:9:readMsgBuf	56	static
../Core/Src/mcp2515_drv.c:1363:9:readRxTxStatus	24	static
../Core/Src/mcp2515_drv.c:1378:9:checkClearRxStatus	24	static
../Core/Src/mcp2515_drv.c:1397:9:checkClearTxStatus	40	static
../Core/Src/mcp2515_drv.c:1430:6:clearBufferTransmitIfFlags	16	static
../Core/Src/mcp2515_drv.c:1442:9:checkReceive	24	static
../Core/Src/mcp2515_drv.c:1454:9:checkError	24	static
../Core/Src/mcp2515_drv.c:1469:8:mcpPinMode	24	static
../Core/Src/mcp2515_drv.c:1642:8:mcpDigitalWrite	16	static
../Core/Src/mcp2515_drv.c:1684:9:mcpDigitalRead	16	static
