../Core/Src/mcp2515_hardware.c:12:6:ChipUnSelectFpB	8	static
../Core/Src/mcp2515_hardware.c:17:6:ChipSelectFpB	8	static
../Core/Src/mcp2515_hardware.c:22:6:SPIReadWriteFpB	16	static
../Core/Src/mcp2515_hardware.c:27:6:SPIWriteFpB	16	static
../Core/Src/mcp2515_hardware.c:32:9:SPIReadFpB	16	static
../Core/Src/mcp2515_hardware.c:41:6:ChipUnSelectFpC	8	static
../Core/Src/mcp2515_hardware.c:46:6:ChipSelectFpC	8	static
../Core/Src/mcp2515_hardware.c:51:6:SPIReadWriteFpC	16	static
../Core/Src/mcp2515_hardware.c:56:6:SPIWriteFpC	16	static
../Core/Src/mcp2515_hardware.c:61:9:SPIReadFpC	16	static
../Core/Src/mcp2515_hardware.c:71:6:ChipUnSelectFpD	8	static
../Core/Src/mcp2515_hardware.c:76:6:ChipSelectFpD	8	static
../Core/Src/mcp2515_hardware.c:81:6:SPIReadWriteFpD	16	static
../Core/Src/mcp2515_hardware.c:86:6:SPIWriteFpD	16	static
../Core/Src/mcp2515_hardware.c:91:9:SPIReadFpD	16	static
